%!Adobe-FontList 1.16
%Locale:0x40c

%BeginFont
Handler:DirectoryHandler
FontType:Invalid
OutlineFileName:C:\Users\mini1340\Desktop\4-BATTEZ_Vincent\Font\opensans-light\.DS_Store
FileModTime:1457475894
%EndFont

%BeginFont
Handler:DirectoryHandler
FontType:Invalid
OutlineFileName:C:\Users\mini1340\Desktop\4-BATTEZ_Vincent\Font\opensans-light\opensans-light-demo.html
FileModTime:1457454150
%EndFont

%BeginFont
Handler:DirectoryHandler
FontType:Invalid
OutlineFileName:C:\Users\mini1340\Desktop\4-BATTEZ_Vincent\Font\opensans-light\opensans-light-webfont.eot
FileModTime:1457454150
%EndFont

%BeginFont
Handler:DirectoryHandler
FontType:Invalid
OutlineFileName:C:\Users\mini1340\Desktop\4-BATTEZ_Vincent\Font\opensans-light\opensans-light-webfont.svg
FileModTime:1457454150
%EndFont

%BeginFont
Handler:DirectoryHandler
FontType:TrueType
FontName:OpenSans-Light
FamilyName:Open Sans
StyleName:Light
FullName:Open Sans Light Regular
MenuName:Open Sans Light
StyleBits:0
WritingScript:Roman
OutlineFileName:C:\Users\mini1340\Desktop\4-BATTEZ_Vincent\Font\opensans-light\opensans-light-webfont.ttf
DataFormat:sfntData
FileLength:44724
FileModTime:1457454150
WeightClass:300
WidthClass:5
AngleClass:0
NameArray:0,Win,1,Open Sans Light
NameArray:0,Win,16,Open Sans
%EndFont

%BeginFont
Handler:DirectoryHandler
FontType:Invalid
OutlineFileName:C:\Users\mini1340\Desktop\4-BATTEZ_Vincent\Font\opensans-light\opensans-light-webfont.woff
FileModTime:1457454150
%EndFont

%BeginFont
Handler:DirectoryHandler
FontType:Invalid
OutlineFileName:C:\Users\mini1340\Desktop\4-BATTEZ_Vincent\Font\opensans-light\opensans-light-webfont.woff2
FileModTime:1457454150
%EndFont

%BeginFont
Handler:DirectoryHandler
FontType:Invalid
OutlineFileName:C:\Users\mini1340\Desktop\4-BATTEZ_Vincent\Font\opensans-light\stylesheet.css
FileModTime:1457454150
%EndFont

%BeginFont
Handler:DirectoryHandler
FontType:Invalid
OutlineFileName:C:\Users\mini1340\Desktop\4-BATTEZ_Vincent\Font\opensans-light\specimen_files\grid_12-825-55-15.css
FileModTime:1457454150
%EndFont

%BeginFont
Handler:DirectoryHandler
FontType:Invalid
OutlineFileName:C:\Users\mini1340\Desktop\4-BATTEZ_Vincent\Font\opensans-light\specimen_files\specimen_stylesheet.css
FileModTime:1457454150
%EndFont

%BeginFont
Handler:DirectoryHandler
FontType:Invalid
OutlineFileName:C:\Users\mini1340\Desktop\4-BATTEZ_Vincent\Font\gotham-light\generator_config.txt
FileModTime:1457454390
%EndFont

%BeginFont
Handler:DirectoryHandler
FontType:Invalid
OutlineFileName:C:\Users\mini1340\Desktop\4-BATTEZ_Vincent\Font\gotham-light\gotham-light-demo.html
FileModTime:1457454390
%EndFont

%BeginFont
Handler:DirectoryHandler
FontType:Invalid
OutlineFileName:C:\Users\mini1340\Desktop\4-BATTEZ_Vincent\Font\gotham-light\gotham-light-webfont.eot
FileModTime:1457454390
%EndFont

%BeginFont
Handler:DirectoryHandler
FontType:Invalid
OutlineFileName:C:\Users\mini1340\Desktop\4-BATTEZ_Vincent\Font\gotham-light\gotham-light-webfont.svg
FileModTime:1457454390
%EndFont

%BeginFont
Handler:DirectoryHandler
FontType:TrueType
FontName:GothamLight
FamilyName:Gotham Light
StyleName:Regular
FullName:Gotham Light Regular
MenuName:Gotham Light
StyleBits:0
WritingScript:Roman
OutlineFileName:C:\Users\mini1340\Desktop\4-BATTEZ_Vincent\Font\gotham-light\gotham-light-webfont.ttf
DataFormat:sfntData
FileLength:39864
FileModTime:1457454390
WeightClass:300
WidthClass:5
AngleClass:0
NameArray:0,Win,1,Gotham Light
%EndFont

%BeginFont
Handler:DirectoryHandler
FontType:Invalid
OutlineFileName:C:\Users\mini1340\Desktop\4-BATTEZ_Vincent\Font\gotham-light\gotham-light-webfont.woff
FileModTime:1457454390
%EndFont

%BeginFont
Handler:DirectoryHandler
FontType:Invalid
OutlineFileName:C:\Users\mini1340\Desktop\4-BATTEZ_Vincent\Font\gotham-light\gotham-light-webfont.woff2
FileModTime:1457454390
%EndFont

%BeginFont
Handler:DirectoryHandler
FontType:Invalid
OutlineFileName:C:\Users\mini1340\Desktop\4-BATTEZ_Vincent\Font\gotham-light\stylesheet.css
FileModTime:1457454390
%EndFont

%BeginFont
Handler:DirectoryHandler
FontType:Invalid
OutlineFileName:C:\Users\mini1340\Desktop\4-BATTEZ_Vincent\Font\gotham-light\specimen_files\grid_12-825-55-15.css
FileModTime:1457454390
%EndFont

%BeginFont
Handler:DirectoryHandler
FontType:Invalid
OutlineFileName:C:\Users\mini1340\Desktop\4-BATTEZ_Vincent\Font\gotham-light\specimen_files\specimen_stylesheet.css
FileModTime:1457454390
%EndFont

%BeginFont
Handler:DirectoryHandler
FontType:Invalid
OutlineFileName:C:\Users\mini1340\Desktop\4-BATTEZ_Vincent\Font\gotham-bold\.DS_Store
FileModTime:1457475950
%EndFont

%BeginFont
Handler:DirectoryHandler
FontType:Invalid
OutlineFileName:C:\Users\mini1340\Desktop\4-BATTEZ_Vincent\Font\gotham-bold\gotham-bold-demo.html
FileModTime:1457454292
%EndFont

%BeginFont
Handler:DirectoryHandler
FontType:Invalid
OutlineFileName:C:\Users\mini1340\Desktop\4-BATTEZ_Vincent\Font\gotham-bold\gotham-bold-webfont.eot
FileModTime:1457454292
%EndFont

%BeginFont
Handler:DirectoryHandler
FontType:Invalid
OutlineFileName:C:\Users\mini1340\Desktop\4-BATTEZ_Vincent\Font\gotham-bold\gotham-bold-webfont.svg
FileModTime:1457454292
%EndFont

%BeginFont
Handler:DirectoryHandler
FontType:TrueType
FontName:GothamBold
FamilyName:Gotham Bold
StyleName:Regular
FullName:Gotham Bold Regular
MenuName:Gotham Bold
StyleBits:2
WritingScript:Roman
OutlineFileName:C:\Users\mini1340\Desktop\4-BATTEZ_Vincent\Font\gotham-bold\gotham-bold-webfont.ttf
DataFormat:sfntData
FileLength:39376
FileModTime:1457454292
WeightClass:700
WidthClass:5
AngleClass:0
NameArray:0,Win,1,Gotham Bold
%EndFont

%BeginFont
Handler:DirectoryHandler
FontType:Invalid
OutlineFileName:C:\Users\mini1340\Desktop\4-BATTEZ_Vincent\Font\gotham-bold\gotham-bold-webfont.woff
FileModTime:1457454292
%EndFont

%BeginFont
Handler:DirectoryHandler
FontType:Invalid
OutlineFileName:C:\Users\mini1340\Desktop\4-BATTEZ_Vincent\Font\gotham-bold\gotham-bold-webfont.woff2
FileModTime:1457454292
%EndFont

%BeginFont
Handler:DirectoryHandler
FontType:Invalid
OutlineFileName:C:\Users\mini1340\Desktop\4-BATTEZ_Vincent\Font\gotham-bold\stylesheet.css
FileModTime:1457454292
%EndFont

%BeginFont
Handler:DirectoryHandler
FontType:Invalid
OutlineFileName:C:\Users\mini1340\Desktop\4-BATTEZ_Vincent\Font\gotham-bold\specimen_files\grid_12-825-55-15.css
FileModTime:1457454292
%EndFont

%BeginFont
Handler:DirectoryHandler
FontType:Invalid
OutlineFileName:C:\Users\mini1340\Desktop\4-BATTEZ_Vincent\Font\gotham-bold\specimen_files\specimen_stylesheet.css
FileModTime:1457454292
%EndFont

